---
source: tinc-integration-tests/src/optional_fields.rs
expression: state
---
TrackerSharedState {
    fail_fast: false,
    errors: [
        TrackedError {
            kind: InvalidField {
                message: "value must be less than or equal to 100.00",
            },
            fatal: true,
            path: "percentage",
        },
    ],
}
